// Jest Snapshot v1, https://goo.gl/fbAQLP

exports[`renders correctly 1`] = `
<section
  data-component="forms/testform"
  id="id579052649"
>
  <div
    class="my-8 lg:mx-auto md:max-w-screen-lg theme-white"
  >
    <div
      class="section-grid grid grid-cols-2 md:grid-cols-12 px-m gap-s md:gap-s "
    >
      <div
        class="col-span-12"
      >
        <h1>
          Test Form
        </h1>
        <div
          style="background: darkorange; outline: 5px solid orange; padding: 10px; color: white; max-width: 500px;"
        >
          <h2>
            Form
          </h2>
          <p>
            JSS component is missing React implementation. See the developer console for more information.
          </p>
        </div>
      </div>
    </div>
  </div>
</section>
`;
