// Jest Snapshot v1, https://goo.gl/fbAQLP

exports[`renders correctly 1`] = `
<section
  data-component="general/pagemashup"
  id="id1751362294"
>
  <div
    class="my-8 w-full theme-white"
  >
    <div
      class="section-grid grid grid-cols-2 md:grid-cols-12 px-0 gap-s md:gap-s "
    >
      <div
        class="col-span-12 py-l"
      >
        <div
          class="grid-rows-auto grid grid-cols-12 gap-s px-m md:max-w-screen-lg lg:mx-auto"
        >
          <div
            class="col-span-12 md:col-span-6"
          >
            <div
              class="items-top font-sans  text-theme-text text-sm-m md:text-m font-heavy"
            >
              <h2>
                This is a featured headline lorem ipsum
              </h2>
              
            </div>
          </div>
          <div
            class="col-span-12 md:col-span-6"
          >
            <div
              class="text-theme-body text-body mb-m font-regular"
            >
              <div
                class="body-copy"
              >
                <div>
                  Body text goes here. Body text goes here. Body text goes here. Body text goes here. Body text goes here. Body text goes here. Body text goes here. 
                </div>
              </div>
            </div>
            <div
              class="mb-s mb-s flex items-start md:flex-row md:items-center"
            >
              <a
                class="flex w-fit items-center whitespace-nowrap rounded-lg border-4 border-theme-btn-border bg-theme-btn-bg px-m py-[9px] font-sans text-button font-heavy text-theme-btn-text hover:border-theme-btn-border-hover hover:bg-theme-btn-bg-hover hover:text-theme-btn-text-hover disabled:border-gray disabled:text-gray font-heavy"
                href="/"
                role="link"
                tabindex="0"
                target=""
                title=""
              >
                Default State
                <span
                  class="ml-xxs"
                />
              </a>
            </div>
          </div>
          <div
            class="col-span-12 grid grid-cols-12 gap-s md:gap-s"
          >
            <div
              class="order-last col-span-full flex items-center  md:order-none md:col-span-4 "
            >
              <div>
                <div
                  class="font-heavy text-theme-text text-xxs mb-xxs md:mb-s"
                >
                  <span>
                    blog
                  </span>
                </div>
                <div
                  class="items-top font-sans  text-theme-text text-sm-m md:text-m font-heavy mb-s"
                >
                  <h3>
                    Headline lorem ipsum dolor amit lorem ipsum 1
                  </h3>
                  
                </div>
                <div
                  class="body-copy text-theme-body text-body mb-m md:mb-l font-regular"
                >
                  <div>
                    Est voluptatum tempore nihil provident alias quis enim. Possimus voluptatibus deserunt. Ea sint repellendus nihil eligendi neque. Delectus et veritatis voluptas quia ut. Mollitia dignissimos doloribus odit sit et est. Beatae quae sit sit consectetur.
                  </div>
                </div>
                <div
                  class="md:mb-0 mb-s flex items-start md:flex-row md:items-center"
                >
                  <a
                    class="flex w-fit items-center whitespace-nowrap rounded-lg border-4 border-theme-btn-border bg-theme-btn-bg px-m py-[9px] font-sans text-button font-heavy text-theme-btn-text hover:border-theme-btn-border-hover hover:bg-theme-btn-bg-hover hover:text-theme-btn-text-hover disabled:border-gray disabled:text-gray font-heavy"
                    href="/Article-Page-Mashup-1"
                    role="link"
                    tabindex="0"
                    target=""
                    title=""
                  >
                    Read More
                    <span
                      class="ml-xxs"
                    />
                  </a>
                </div>
              </div>
            </div>
            <div
              class="col-span-full md:col-span-8"
            >
              <div
                class="relative hidden md:block  "
              >
                <span
                  style="box-sizing: border-box; display: inline-block; overflow: hidden; background: none; opacity: 1; border: 0px; margin: 0px; padding: 0px; position: relative; max-width: 100%;"
                >
                  <span
                    style="box-sizing: border-box; display: block; background: none; opacity: 1; border: 0px; margin: 0px; padding: 0px; max-width: 100%;"
                  >
                    <img
                      alt=""
                      aria-hidden="true"
                      src="data:image/svg+xml,%3csvg%20xmlns=%27http://www.w3.org/2000/svg%27%20version=%271.1%27%20width=%27998%27%20height=%27561%27/%3e"
                      style="display: block; max-width: 100%; background: none; opacity: 1; border: 0px; margin: 0px; padding: 0px;"
                    />
                  </span>
                  <img
                    alt="elf"
                    data-nimg="intrinsic"
                    decoding="async"
                    src="data:image/gif;base64,R0lGODlhAQABAIAAAAAAAP///yH5BAEAAAAALAAAAAABAAEAAAIBRAA7"
                    style="position: absolute; top: 0px; left: 0px; bottom: 0px; right: 0px; box-sizing: border-box; padding: 0px; margin: auto; display: block; width: 0px; height: 0px; min-width: 100%; max-width: 100%; min-height: 100%; max-height: 100%;"
                  />
                  <noscript />
                </span>
              </div>
              <div
                class="relative block w-full md:hidden"
              >
                <span
                  style="box-sizing: border-box; display: inline-block; overflow: hidden; background: none; opacity: 1; border: 0px; margin: 0px; padding: 0px; position: relative; max-width: 100%;"
                >
                  <span
                    style="box-sizing: border-box; display: block; background: none; opacity: 1; border: 0px; margin: 0px; padding: 0px; max-width: 100%;"
                  >
                    <img
                      alt=""
                      aria-hidden="true"
                      src="data:image/svg+xml,%3csvg%20xmlns=%27http://www.w3.org/2000/svg%27%20version=%271.1%27%20width=%27998%27%20height=%27561%27/%3e"
                      style="display: block; max-width: 100%; background: none; opacity: 1; border: 0px; margin: 0px; padding: 0px;"
                    />
                  </span>
                  <img
                    alt="elf"
                    data-nimg="intrinsic"
                    decoding="async"
                    src="data:image/gif;base64,R0lGODlhAQABAIAAAAAAAP///yH5BAEAAAAALAAAAAABAAEAAAIBRAA7"
                    style="position: absolute; top: 0px; left: 0px; bottom: 0px; right: 0px; box-sizing: border-box; padding: 0px; margin: auto; display: block; width: 0px; height: 0px; min-width: 100%; max-width: 100%; min-height: 100%; max-height: 100%; object-fit: cover; object-position: center;"
                  />
                  <noscript />
                </span>
              </div>
            </div>
          </div>
          <div
            class="col-span-12 grid grid-cols-2 gap-s border-b border-gray md:col-span-4 md:grid-cols-1 md:gap-s "
          >
            <div
              class="relative hidden md:block  "
            >
              <span
                style="box-sizing: border-box; display: inline-block; overflow: hidden; background: none; opacity: 1; border: 0px; margin: 0px; padding: 0px; position: relative; max-width: 100%;"
              >
                <span
                  style="box-sizing: border-box; display: block; background: none; opacity: 1; border: 0px; margin: 0px; padding: 0px; max-width: 100%;"
                >
                  <img
                    alt=""
                    aria-hidden="true"
                    src="data:image/svg+xml,%3csvg%20xmlns=%27http://www.w3.org/2000/svg%27%20version=%271.1%27%20width=%27998%27%20height=%27561%27/%3e"
                    style="display: block; max-width: 100%; background: none; opacity: 1; border: 0px; margin: 0px; padding: 0px;"
                  />
                </span>
                <img
                  alt="elf"
                  data-nimg="intrinsic"
                  decoding="async"
                  src="data:image/gif;base64,R0lGODlhAQABAIAAAAAAAP///yH5BAEAAAAALAAAAAABAAEAAAIBRAA7"
                  style="position: absolute; top: 0px; left: 0px; bottom: 0px; right: 0px; box-sizing: border-box; padding: 0px; margin: auto; display: block; width: 0px; height: 0px; min-width: 100%; max-width: 100%; min-height: 100%; max-height: 100%;"
                />
                <noscript />
              </span>
            </div>
            <div
              class="relative block w-full md:hidden"
            >
              <span
                style="box-sizing: border-box; display: inline-block; overflow: hidden; background: none; opacity: 1; border: 0px; margin: 0px; padding: 0px; position: relative; max-width: 100%;"
              >
                <span
                  style="box-sizing: border-box; display: block; background: none; opacity: 1; border: 0px; margin: 0px; padding: 0px; max-width: 100%;"
                >
                  <img
                    alt=""
                    aria-hidden="true"
                    src="data:image/svg+xml,%3csvg%20xmlns=%27http://www.w3.org/2000/svg%27%20version=%271.1%27%20width=%27998%27%20height=%27561%27/%3e"
                    style="display: block; max-width: 100%; background: none; opacity: 1; border: 0px; margin: 0px; padding: 0px;"
                  />
                </span>
                <img
                  alt="elf"
                  data-nimg="intrinsic"
                  decoding="async"
                  src="data:image/gif;base64,R0lGODlhAQABAIAAAAAAAP///yH5BAEAAAAALAAAAAABAAEAAAIBRAA7"
                  style="position: absolute; top: 0px; left: 0px; bottom: 0px; right: 0px; box-sizing: border-box; padding: 0px; margin: auto; display: block; width: 0px; height: 0px; min-width: 100%; max-width: 100%; min-height: 100%; max-height: 100%; object-fit: cover; object-position: center;"
                />
                <noscript />
              </span>
            </div>
            <div>
              <div
                class="font-heavy text-theme-text text-xxs mb-xxs"
              >
                <span>
                  blog
                </span>
              </div>
              <div
                class="items-top font-sans  text-theme-text text-base font-serif font-heavy mb-xs"
              >
                <h3>
                  This is a card heading 2
                </h3>
                
              </div>
              <div
                class="body-copy text-theme-body text-body mb-xxs md:mb-s font-regular line-clamp-3 md:line-clamp-none"
              >
                <div>
                  Est voluptatum tempore nihil provident alias quis enim. Possimus voluptatibus deserunt. Ea sint repellendus nihil eligendi neque.
                </div>
              </div>
              <div
                class="mb-s flex items-start md:flex-row md:items-center"
              >
                <a
                  class="flex w-fit items-center whitespace-nowrap font-sans text-text-link font-heavy text-theme-text hover:underline hover:decoration-secondary hover:underline-offset-8 disabled:border-gray disabled:text-gray font-heavy"
                  href="/Article-Page-Mashup-2"
                  role="link"
                  tabindex="0"
                  target=""
                  title=""
                >
                  Read More
                  <span
                    class="ml-xxs"
                  />
                </a>
              </div>
            </div>
          </div>
          <div
            class="col-span-12 grid grid-cols-2 gap-s border-b border-gray md:col-span-4 md:grid-cols-1 md:gap-s "
          >
            <div
              class="relative hidden md:block  "
            >
              <span
                style="box-sizing: border-box; display: inline-block; overflow: hidden; background: none; opacity: 1; border: 0px; margin: 0px; padding: 0px; position: relative; max-width: 100%;"
              >
                <span
                  style="box-sizing: border-box; display: block; background: none; opacity: 1; border: 0px; margin: 0px; padding: 0px; max-width: 100%;"
                >
                  <img
                    alt=""
                    aria-hidden="true"
                    src="data:image/svg+xml,%3csvg%20xmlns=%27http://www.w3.org/2000/svg%27%20version=%271.1%27%20width=%271600%27%20height=%27900%27/%3e"
                    style="display: block; max-width: 100%; background: none; opacity: 1; border: 0px; margin: 0px; padding: 0px;"
                  />
                </span>
                <img
                  alt="Img"
                  data-nimg="intrinsic"
                  decoding="async"
                  src="data:image/gif;base64,R0lGODlhAQABAIAAAAAAAP///yH5BAEAAAAALAAAAAABAAEAAAIBRAA7"
                  style="position: absolute; top: 0px; left: 0px; bottom: 0px; right: 0px; box-sizing: border-box; padding: 0px; margin: auto; display: block; width: 0px; height: 0px; min-width: 100%; max-width: 100%; min-height: 100%; max-height: 100%;"
                />
                <noscript />
              </span>
            </div>
            <div
              class="relative block w-full md:hidden"
            >
              <span
                style="box-sizing: border-box; display: inline-block; overflow: hidden; background: none; opacity: 1; border: 0px; margin: 0px; padding: 0px; position: relative; max-width: 100%;"
              >
                <span
                  style="box-sizing: border-box; display: block; background: none; opacity: 1; border: 0px; margin: 0px; padding: 0px; max-width: 100%;"
                >
                  <img
                    alt=""
                    aria-hidden="true"
                    src="data:image/svg+xml,%3csvg%20xmlns=%27http://www.w3.org/2000/svg%27%20version=%271.1%27%20width=%27392%27%20height=%27392%27/%3e"
                    style="display: block; max-width: 100%; background: none; opacity: 1; border: 0px; margin: 0px; padding: 0px;"
                  />
                </span>
                <img
                  alt="andersen big doors looking from the inside out to patio garden area"
                  data-nimg="intrinsic"
                  decoding="async"
                  src="data:image/gif;base64,R0lGODlhAQABAIAAAAAAAP///yH5BAEAAAAALAAAAAABAAEAAAIBRAA7"
                  style="position: absolute; top: 0px; left: 0px; bottom: 0px; right: 0px; box-sizing: border-box; padding: 0px; margin: auto; display: block; width: 0px; height: 0px; min-width: 100%; max-width: 100%; min-height: 100%; max-height: 100%; object-fit: cover; object-position: center;"
                />
                <noscript />
              </span>
            </div>
            <div>
              <div
                class="font-heavy text-theme-text text-xxs mb-xxs"
              >
                <span>
                  Generic eyebrow
                </span>
              </div>
              <div
                class="items-top font-sans  text-theme-text text-base font-serif font-heavy mb-xs"
              >
                <h3>
                  This is a card headlin 3
                </h3>
                
              </div>
              <div
                class="body-copy text-theme-body text-body mb-xxs md:mb-s font-regular line-clamp-3 md:line-clamp-none"
              >
                <div>
                  Est voluptatum tempore nihil provident alias quis enim. Possimus voluptatibus deserunt. Ea sint repellendus nihil eligendi neque.
                </div>
              </div>
              <div
                class="mb-s flex items-start md:flex-row md:items-center"
              >
                <a
                  class="flex w-fit items-center whitespace-nowrap font-sans text-text-link font-heavy text-theme-text hover:underline hover:decoration-secondary hover:underline-offset-8 disabled:border-gray disabled:text-gray font-heavy"
                  href="/Generic-Page-Mashup-1"
                  role="link"
                  tabindex="0"
                  target=""
                  title=""
                >
                  Read More
                  <span
                    class="ml-xxs"
                  />
                </a>
              </div>
            </div>
          </div>
          <div
            class="col-span-12 grid grid-cols-2 gap-s border-b border-gray md:col-span-4 md:grid-cols-1 md:gap-s "
          >
            <div
              class="relative hidden md:block  "
            >
              <span
                style="box-sizing: border-box; display: inline-block; overflow: hidden; background: none; opacity: 1; border: 0px; margin: 0px; padding: 0px; position: relative; max-width: 100%;"
              >
                <span
                  style="box-sizing: border-box; display: block; background: none; opacity: 1; border: 0px; margin: 0px; padding: 0px; max-width: 100%;"
                >
                  <img
                    alt=""
                    aria-hidden="true"
                    src="data:image/svg+xml,%3csvg%20xmlns=%27http://www.w3.org/2000/svg%27%20version=%271.1%27%20width=%271600%27%20height=%27900%27/%3e"
                    style="display: block; max-width: 100%; background: none; opacity: 1; border: 0px; margin: 0px; padding: 0px;"
                  />
                </span>
                <img
                  alt="Img"
                  data-nimg="intrinsic"
                  decoding="async"
                  src="data:image/gif;base64,R0lGODlhAQABAIAAAAAAAP///yH5BAEAAAAALAAAAAABAAEAAAIBRAA7"
                  style="position: absolute; top: 0px; left: 0px; bottom: 0px; right: 0px; box-sizing: border-box; padding: 0px; margin: auto; display: block; width: 0px; height: 0px; min-width: 100%; max-width: 100%; min-height: 100%; max-height: 100%;"
                />
                <noscript />
              </span>
            </div>
            <div
              class="relative block w-full md:hidden"
            >
              <span
                style="box-sizing: border-box; display: inline-block; overflow: hidden; background: none; opacity: 1; border: 0px; margin: 0px; padding: 0px; position: relative; max-width: 100%;"
              >
                <span
                  style="box-sizing: border-box; display: block; background: none; opacity: 1; border: 0px; margin: 0px; padding: 0px; max-width: 100%;"
                >
                  <img
                    alt=""
                    aria-hidden="true"
                    src="data:image/svg+xml,%3csvg%20xmlns=%27http://www.w3.org/2000/svg%27%20version=%271.1%27%20width=%27392%27%20height=%27392%27/%3e"
                    style="display: block; max-width: 100%; background: none; opacity: 1; border: 0px; margin: 0px; padding: 0px;"
                  />
                </span>
                <img
                  alt="andersen big doors looking from the inside out to patio garden area"
                  data-nimg="intrinsic"
                  decoding="async"
                  src="data:image/gif;base64,R0lGODlhAQABAIAAAAAAAP///yH5BAEAAAAALAAAAAABAAEAAAIBRAA7"
                  style="position: absolute; top: 0px; left: 0px; bottom: 0px; right: 0px; box-sizing: border-box; padding: 0px; margin: auto; display: block; width: 0px; height: 0px; min-width: 100%; max-width: 100%; min-height: 100%; max-height: 100%; object-fit: cover; object-position: center;"
                />
                <noscript />
              </span>
            </div>
            <div>
              <div
                class="font-heavy text-theme-text text-xxs mb-xxs"
              >
                <span>
                  Generic eyebrow
                </span>
              </div>
              <div
                class="items-top font-sans  text-theme-text text-base font-serif font-heavy mb-xs"
              >
                <h3>
                  This is a card headline 4
                </h3>
                
              </div>
              <div
                class="body-copy text-theme-body text-body mb-xxs md:mb-s font-regular line-clamp-3 md:line-clamp-none"
              >
                <div>
                  Est voluptatum tempore nihil provident alias quis enim. Possimus voluptatibus deserunt. Ea sint repellendus nihil eligendi neque.
                </div>
              </div>
              <div
                class="mb-s flex items-start md:flex-row md:items-center"
              >
                <a
                  class="flex w-fit items-center whitespace-nowrap font-sans text-text-link font-heavy text-theme-text hover:underline hover:decoration-secondary hover:underline-offset-8 disabled:border-gray disabled:text-gray font-heavy"
                  href="/Generic-Page-Mashup-1"
                  role="link"
                  tabindex="0"
                  target=""
                  title=""
                >
                  Read More
                  <span
                    class="ml-xxs"
                  />
                </a>
              </div>
            </div>
          </div>
        </div>
      </div>
    </div>
  </div>
</section>
`;
